Using key: AccentColorMenu
Activated win10-ui
Read accent colour: 0xff23cbf5, #f5cb23
Read accent colour: 0xff23cbf5, #f5cb23
Read accent colour: 0xff23cbf5, #f5cb23
Read accent colour: 0xff23cbf5, #f5cb23
Read accent colour: 0xff23cbf5, #f5cb23
Read accent colour: 0xff23cbf5, #f5cb23
Read accent colour: 0xff23cbf5, #f5cb23
Read accent colour: 0xff23cbf5, #f5cb23
Read accent colour: 0xff23cbf5, #f5cb23
Read accent colour: 0xff23cbf5, #f5cb23
Read accent colour: 0xff23cbf5, #f5cb23
Read accent colour: 0xff23cbf5, #f5cb23
Read accent colour: 0xff23cbf5, #f5cb23
Read accent colour: 0xff23cbf5, #f5cb23
Read accent colour: 0xff23cbf5, #f5cb23
Read accent colour: 0xff23cbf5, #f5cb23
Read accent colour: 0xff23cbf5, #f5cb23
Read accent colour: 0xff23cbf5, #f5cb23
Read accent colour: 0xff23cbf5, #f5cb23
Read accent colour: 0xff23cbf5, #f5cb23
Read accent colour: 0xff23cbf5, #f5cb23
Read accent colour: 0xff23cbf5, #f5cb23
Read accent colour: 0xff23cbf5, #f5cb23
Read accent colour: 0xff23cbf5, #f5cb23
Read accent colour: 0xff23cbf5, #f5cb23
Read accent colour: 0xff23cbf5, #f5cb23
Read accent colour: 0xff23cbf5, #f5cb23
Read accent colour: 0xff23cbf5, #f5cb23
Read accent colour: 0xff23cbf5, #f5cb23
Read accent colour: 0xff23cbf5, #f5cb23
Read accent colour: 0xff23cbf5, #f5cb23
Read accent colour: 0xff23cbf5, #f5cb23
Read accent colour: 0xff23cbf5, #f5cb23
Read accent colour: 0xff23cbf5, #f5cb23
Read accent colour: 0xff23cbf5, #f5cb23
Read accent colour: 0xff23cbf5, #f5cb23
Read accent colour: 0xff23cbf5, #f5cb23
Read accent colour: 0xff23cbf5, #f5cb23
Read accent colour: 0xff23cbf5, #f5cb23
Read accent colour: 0xff23cbf5, #f5cb23
